// Jest Snapshot v1, https://goo.gl/fbAQLP

exports[`it behaves correctly 1`] = `
<Component
  currentTasks={
    Array [
      Object {
        "elapsedTime": 2000,
        "id": "1",
      },
      Object {
        "id": "2",
      },
    ]
  }
  onAddNewTaskClick={[Function]}
  onDeleteTaskClicked={[Function]}
  onStartProgressClicked={[Function]}
  onStopProgressClicked={[Function]}
  onTaskProjectChanged={[Function]}
  onTaskTitleChanged={[Function]}
  runningTask={
    Object {
      "startDate": 1489078800000,
      "taskId": "1",
    }
  }
>
  <div>
    <h1>
      Time Tracking
    </h1>
    <ListGroup
      bsClass="list-group"
      componentClass="ul"
    >
      <ul
        className="list-group"
      >
        <TaskListItem
          elapsedTime={2000}
          id="1"
          jiraIssue=""
          key="1"
          onDeleteTaskClicked={[Function]}
          onProjectChanged={[Function]}
          onStartProgressClicked={[Function]}
          onStopProgressClicked={[Function]}
          onTaskTitleChanged={[Function]}
          project={null}
          runningTask={
            Object {
              "startDate": 1489078800000,
              "taskId": "1",
            }
          }
          taskIsRunning={true}
          title=""
        >
          <li
            className="list-group-item task-list-item running"
          >
            <div
              className="task-list-item-main"
            >
              <TaskListTitle
                onTextChanged={[Function]}
                title=""
              >
                <h4
                  className="task-list-description"
                >
                  <toggleDisplay
                    show={false}
                  >
                    <span
                      className="hidden"
                    >
                      <span
                        className="title"
                        onClick={[Function]}
                      />
                    </span>
                  </toggleDisplay>
                  <toggleDisplay
                    show={true}
                  >
                    <span
                      className=""
                    >
                      <input
                        className="title-input"
                        onBlur={[Function]}
                        onChange={[Function]}
                        placeholder="Click to add a title"
                        type="text"
                        value=""
                      />
                    </span>
                  </toggleDisplay>
                </h4>
              </TaskListTitle>
            </div>
            <div
              className="task-list-item-project"
            >
              <TaskListProject
                onProjectChanged={[Function]}
                project={null}
              >
                <div
                  className="task-list-project"
                >
                  <div
                    onClick={[Function]}
                  >
                    <div
                      className="add-project-button"
                    >
                      <Button
                        active={false}
                        block={false}
                        bsClass="btn"
                        bsStyle="default"
                        disabled={false}
                      >
                        <button
                          className="btn btn-default"
                          disabled={false}
                          type="button"
                        >
                          <Glyphicon
                            bsClass="glyphicon"
                            glyph="folder-close"
                          >
                            <span
                              className="glyphicon glyphicon-folder-close"
                            />
                          </Glyphicon>
                        </button>
                      </Button>
                    </div>
                  </div>
                  <Overlay
                    animation={[Function]}
                    onHide={[Function]}
                    placement="bottom"
                    rootClose={false}
                    show={false}
                    target={[Function]}
                  >
                    <Overlay
                      onHide={[Function]}
                      placement="bottom"
                      rootClose={false}
                      show={false}
                      target={[Function]}
                      transition={[Function]}
                    />
                  </Overlay>
                </div>
              </TaskListProject>
            </div>
            <div
              className="task-list-item-badges"
            >
              <TimeCounter
                startDate={1489078800000}
              >
                <span
                  className="task-list-hours"
                >
                  <Label
                    bsClass="label"
                    bsStyle="warning"
                  >
                    <span
                      className="label label-warning"
                    >
                      0s
                    </span>
                  </Label>
                </span>
              </TimeCounter>
            </div>
            <div
              className="task-list-item-buttons"
            >
              <DeleteButton
                onClick={[Function]}
              >
                <Button
                  active={false}
                  block={false}
                  bsClass="btn"
                  bsStyle="default"
                  disabled={false}
                  onClick={[Function]}
                >
                  <button
                    className="btn btn-default"
                    disabled={false}
                    onClick={[Function]}
                    type="button"
                  >
                    <Glyphicon
                      bsClass="glyphicon"
                      glyph="trash"
                    >
                      <span
                        className="glyphicon glyphicon-trash"
                      />
                    </Glyphicon>
                  </button>
                </Button>
              </DeleteButton>
              <StopProgressButton
                onClick={[Function]}
              >
                <Button
                  active={false}
                  block={false}
                  bsClass="btn"
                  bsStyle="default"
                  disabled={false}
                  onClick={[Function]}
                >
                  <button
                    className="btn btn-default"
                    disabled={false}
                    onClick={[Function]}
                    type="button"
                  >
                    <Glyphicon
                      bsClass="glyphicon"
                      glyph="pause"
                    >
                      <span
                        className="glyphicon glyphicon-pause"
                      />
                    </Glyphicon>
                  </button>
                </Button>
              </StopProgressButton>
            </div>
          </li>
        </TaskListItem>
        <TaskListItem
          elapsedTime={0}
          id="2"
          jiraIssue=""
          key="2"
          onDeleteTaskClicked={[Function]}
          onProjectChanged={[Function]}
          onStartProgressClicked={[Function]}
          onStopProgressClicked={[Function]}
          onTaskTitleChanged={[Function]}
          project={null}
          runningTask={
            Object {
              "startDate": 1489078800000,
              "taskId": "1",
            }
          }
          taskIsRunning={false}
          title=""
        >
          <li
            className="list-group-item task-list-item"
          >
            <div
              className="task-list-item-main"
            >
              <TaskListTitle
                onTextChanged={[Function]}
                title=""
              >
                <h4
                  className="task-list-description"
                >
                  <toggleDisplay
                    show={false}
                  >
                    <span
                      className="hidden"
                    >
                      <span
                        className="title"
                        onClick={[Function]}
                      />
                    </span>
                  </toggleDisplay>
                  <toggleDisplay
                    show={true}
                  >
                    <span
                      className=""
                    >
                      <input
                        className="title-input"
                        onBlur={[Function]}
                        onChange={[Function]}
                        placeholder="Click to add a title"
                        type="text"
                        value=""
                      />
                    </span>
                  </toggleDisplay>
                </h4>
              </TaskListTitle>
            </div>
            <div
              className="task-list-item-project"
            >
              <TaskListProject
                onProjectChanged={[Function]}
                project={null}
              >
                <div
                  className="task-list-project"
                >
                  <div
                    onClick={[Function]}
                  >
                    <div
                      className="add-project-button"
                    >
                      <Button
                        active={false}
                        block={false}
                        bsClass="btn"
                        bsStyle="default"
                        disabled={false}
                      >
                        <button
                          className="btn btn-default"
                          disabled={false}
                          type="button"
                        >
                          <Glyphicon
                            bsClass="glyphicon"
                            glyph="folder-close"
                          >
                            <span
                              className="glyphicon glyphicon-folder-close"
                            />
                          </Glyphicon>
                        </button>
                      </Button>
                    </div>
                  </div>
                  <Overlay
                    animation={[Function]}
                    onHide={[Function]}
                    placement="bottom"
                    rootClose={false}
                    show={false}
                    target={[Function]}
                  >
                    <Overlay
                      onHide={[Function]}
                      placement="bottom"
                      rootClose={false}
                      show={false}
                      target={[Function]}
                      transition={[Function]}
                    />
                  </Overlay>
                </div>
              </TaskListProject>
            </div>
            <div
              className="task-list-item-badges"
            >
              <TaskListHours
                className="pull-left"
                elapsedTime={0}
              >
                <span
                  className="task-list-hours"
                >
                  <Label
                    bsClass="label"
                    bsStyle="info"
                  >
                    <span
                      className="label label-info"
                    >
                      0s
                    </span>
                  </Label>
                </span>
              </TaskListHours>
            </div>
            <div
              className="task-list-item-buttons"
            >
              <DeleteButton
                onClick={[Function]}
              >
                <Button
                  active={false}
                  block={false}
                  bsClass="btn"
                  bsStyle="default"
                  disabled={false}
                  onClick={[Function]}
                >
                  <button
                    className="btn btn-default"
                    disabled={false}
                    onClick={[Function]}
                    type="button"
                  >
                    <Glyphicon
                      bsClass="glyphicon"
                      glyph="trash"
                    >
                      <span
                        className="glyphicon glyphicon-trash"
                      />
                    </Glyphicon>
                  </button>
                </Button>
              </DeleteButton>
              <StartProgressButton
                onClick={[Function]}
              >
                <Button
                  active={false}
                  block={false}
                  bsClass="btn"
                  bsStyle="default"
                  disabled={false}
                  onClick={[Function]}
                >
                  <button
                    className="btn btn-default"
                    disabled={false}
                    onClick={[Function]}
                    type="button"
                  >
                    <Glyphicon
                      bsClass="glyphicon"
                      glyph="time"
                    >
                      <span
                        className="glyphicon glyphicon-time"
                      />
                    </Glyphicon>
                  </button>
                </Button>
              </StartProgressButton>
            </div>
          </li>
        </TaskListItem>
        <AddNewTaskItem
          onClick={[Function]}
        >
          <li
            className="list-group-item"
          >
            <Clearfix
              bsClass="clearfix"
              componentClass="div"
            >
              <div
                className="clearfix"
              >
                <span
                  className="add-new-task-text"
                >
                  Add new task
                </span>
                <Button
                  active={false}
                  block={false}
                  bsClass="btn"
                  bsStyle="primary"
                  className="pull-right"
                  disabled={false}
                  onClick={[Function]}
                >
                  <button
                    className="pull-right btn btn-primary"
                    disabled={false}
                    onClick={[Function]}
                    type="button"
                  >
                    <Glyphicon
                      bsClass="glyphicon"
                      glyph="plus"
                    >
                      <span
                        className="glyphicon glyphicon-plus"
                      />
                    </Glyphicon>
                  </button>
                </Button>
              </div>
            </Clearfix>
          </li>
        </AddNewTaskItem>
      </ul>
    </ListGroup>
  </div>
</Component>
`;
