// Jest Snapshot v1, https://goo.gl/fbAQLP

exports[`it displays the about page 1`] = `
<div>
  <h1>
    About
  </h1>
  <p>
    Hello, World!
  </p>
</div>
`;
